Archive member included to satisfy reference by file (symbol)

d:/newmounriver/mounriver/mounriver_studio/toolchain/risc-v embedded gcc/bin/../lib/gcc/riscv-none-embed/8.2.0/rv32imac/ilp32\libgcc.a(save-restore.o)
                              ./Peripheral/src/ch32v10x_usb_host.o (__riscv_save_12)
d:/newmounriver/mounriver/mounriver_studio/toolchain/risc-v embedded gcc/bin/../lib/gcc/riscv-none-embed/8.2.0/../../../../riscv-none-embed/lib/rv32imac/ilp32\libg_nano.a(lib_a-atexit.o)
                              ./Startup/startup_ch32v10x.o (atexit)
d:/newmounriver/mounriver/mounriver_studio/toolchain/risc-v embedded gcc/bin/../lib/gcc/riscv-none-embed/8.2.0/../../../../riscv-none-embed/lib/rv32imac/ilp32\libg_nano.a(lib_a-fini.o)
                              ./Startup/startup_ch32v10x.o (__libc_fini_array)
d:/newmounriver/mounriver/mounriver_studio/toolchain/risc-v embedded gcc/bin/../lib/gcc/riscv-none-embed/8.2.0/../../../../riscv-none-embed/lib/rv32imac/ilp32\libg_nano.a(lib_a-init.o)
                              ./Startup/startup_ch32v10x.o (__libc_init_array)
d:/newmounriver/mounriver/mounriver_studio/toolchain/risc-v embedded gcc/bin/../lib/gcc/riscv-none-embed/8.2.0/../../../../riscv-none-embed/lib/rv32imac/ilp32\libg_nano.a(lib_a-printf.o)
                              ./User/main.o (printf)
d:/newmounriver/mounriver/mounriver_studio/toolchain/risc-v embedded gcc/bin/../lib/gcc/riscv-none-embed/8.2.0/../../../../riscv-none-embed/lib/rv32imac/ilp32\libg_nano.a(lib_a-puts.o)
                              ./User/main.o (puts)
d:/newmounriver/mounriver/mounriver_studio/toolchain/risc-v embedded gcc/bin/../lib/gcc/riscv-none-embed/8.2.0/../../../../riscv-none-embed/lib/rv32imac/ilp32\libg_nano.a(lib_a-wbuf.o)
                              d:/newmounriver/mounriver/mounriver_studio/toolchain/risc-v embedded gcc/bin/../lib/gcc/riscv-none-embed/8.2.0/../../../../riscv-none-embed/lib/rv32imac/ilp32\libg_nano.a(lib_a-puts.o) (__swbuf_r)
d:/newmounriver/mounriver/mounriver_studio/toolchain/risc-v embedded gcc/bin/../lib/gcc/riscv-none-embed/8.2.0/../../../../riscv-none-embed/lib/rv32imac/ilp32\libg_nano.a(lib_a-wsetup.o)
                              d:/newmounriver/mounriver/mounriver_studio/toolchain/risc-v embedded gcc/bin/../lib/gcc/riscv-none-embed/8.2.0/../../../../riscv-none-embed/lib/rv32imac/ilp32\libg_nano.a(lib_a-puts.o) (__swsetup_r)
d:/newmounriver/mounriver/mounriver_studio/toolchain/risc-v embedded gcc/bin/../lib/gcc/riscv-none-embed/8.2.0/../../../../riscv-none-embed/lib/rv32imac/ilp32\libg_nano.a(lib_a-__atexit.o)
                              d:/newmounriver/mounriver/mounriver_studio/toolchain/risc-v embedded gcc/bin/../lib/gcc/riscv-none-embed/8.2.0/../../../../riscv-none-embed/lib/rv32imac/ilp32\libg_nano.a(lib_a-atexit.o) (__register_exitproc)
d:/newmounriver/mounriver/mounriver_studio/toolchain/risc-v embedded gcc/bin/../lib/gcc/riscv-none-embed/8.2.0/../../../../riscv-none-embed/lib/rv32imac/ilp32\libg_nano.a(lib_a-__call_atexit.o)
                              d:/newmounriver/mounriver/mounriver_studio/toolchain/risc-v embedded gcc/bin/../lib/gcc/riscv-none-embed/8.2.0/../../../../riscv-none-embed/lib/rv32imac/ilp32\libg_nano.a(lib_a-__atexit.o) (__call_exitprocs)
d:/newmounriver/mounriver/mounriver_studio/toolchain/risc-v embedded gcc/bin/../lib/gcc/riscv-none-embed/8.2.0/../../../../riscv-none-embed/lib/rv32imac/ilp32\libg_nano.a(lib_a-fflush.o)
                              d:/newmounriver/mounriver/mounriver_studio/toolchain/risc-v embedded gcc/bin/../lib/gcc/riscv-none-embed/8.2.0/../../../../riscv-none-embed/lib/rv32imac/ilp32\libg_nano.a(lib_a-wbuf.o) (_fflush_r)
d:/newmounriver/mounriver/mounriver_studio/toolchain/risc-v embedded gcc/bin/../lib/gcc/riscv-none-embed/8.2.0/../../../../riscv-none-embed/lib/rv32imac/ilp32\libg_nano.a(lib_a-findfp.o)
                              d:/newmounriver/mounriver/mounriver_studio/toolchain/risc-v embedded gcc/bin/../lib/gcc/riscv-none-embed/8.2.0/../../../../riscv-none-embed/lib/rv32imac/ilp32\libg_nano.a(lib_a-printf.o) (__sinit)
d:/newmounriver/mounriver/mounriver_studio/toolchain/risc-v embedded gcc/bin/../lib/gcc/riscv-none-embed/8.2.0/../../../../riscv-none-embed/lib/rv32imac/ilp32\libg_nano.a(lib_a-fwalk.o)
                              d:/newmounriver/mounriver/mounriver_studio/toolchain/risc-v embedded gcc/bin/../lib/gcc/riscv-none-embed/8.2.0/../../../../riscv-none-embed/lib/rv32imac/ilp32\libg_nano.a(lib_a-findfp.o) (_fwalk)
d:/newmounriver/mounriver/mounriver_studio/toolchain/risc-v embedded gcc/bin/../lib/gcc/riscv-none-embed/8.2.0/../../../../riscv-none-embed/lib/rv32imac/ilp32\libg_nano.a(lib_a-impure.o)
                              d:/newmounriver/mounriver/mounriver_studio/toolchain/risc-v embedded gcc/bin/../lib/gcc/riscv-none-embed/8.2.0/../../../../riscv-none-embed/lib/rv32imac/ilp32\libg_nano.a(lib_a-fflush.o) (_global_impure_ptr)
[...]
Memory Configuration

Name             Origin             Length             Attributes
FLASH            0x0000000000000000 0x0000000000010000 xr
RAM              0x0000000020000000 0x0000000000005000 xrw
*default*        0x0000000000000000 0xffffffffffffffff

Linker script and memory map

LOAD ./User/ch32v10x_it.o
LOAD ./User/main.o
LOAD ./User/system_ch32v10x.o
LOAD ./Startup/startup_ch32v10x.o
LOAD ./Peripheral/src/ch32v10x_adc.o
LOAD ./Peripheral/src/ch32v10x_bkp.o
LOAD ./Peripheral/src/ch32v10x_crc.o
LOAD ./Peripheral/src/ch32v10x_dbgmcu.o
LOAD ./Peripheral/src/ch32v10x_dma.o
LOAD ./Peripheral/src/ch32v10x_exti.o
LOAD ./Peripheral/src/ch32v10x_flash.o
LOAD ./Peripheral/src/ch32v10x_gpio.o
LOAD ./Peripheral/src/ch32v10x_i2c.o
LOAD ./Peripheral/src/ch32v10x_iwdg.o
LOAD ./Peripheral/src/ch32v10x_misc.o
LOAD ./Peripheral/src/ch32v10x_pwr.o
LOAD ./Peripheral/src/ch32v10x_rcc.o
LOAD ./Peripheral/src/ch32v10x_rtc.o
LOAD ./Peripheral/src/ch32v10x_spi.o
LOAD ./Peripheral/src/ch32v10x_tim.o
LOAD ./Peripheral/src/ch32v10x_usart.o
LOAD ./Peripheral/src/ch32v10x_usb.o
LOAD ./Peripheral/src/ch32v10x_usb_host.o
LOAD ./Peripheral/src/ch32v10x_wwdg.o
LOAD ./Debug/debug.o
LOAD ./Core/core_riscv.o
LOAD d:/newmounriver/mounriver/mounriver_studio/toolchain/risc-v embedded gcc/bin/../lib/gcc/riscv-none-embed/8.2.0/../../../../riscv-none-embed/lib/rv32imac/ilp32\libstdc++_nano.a
LOAD d:/newmounriver/mounriver/mounriver_studio/toolchain/risc-v embedded gcc/bin/../lib/gcc/riscv-none-embed/8.2.0/../../../../riscv-none-embed/lib/rv32imac/ilp32\libm.a
LOAD d:/newmounriver/mounriver/mounriver_studio/toolchain/risc-v embedded gcc/bin/../lib/gcc/riscv-none-embed/8.2.0/rv32imac/ilp32\libgcc.a
LOAD d:/newmounriver/mounriver/mounriver_studio/toolchain/risc-v embedded gcc/bin/../lib/gcc/riscv-none-embed/8.2.0/../../../../riscv-none-embed/lib/rv32imac/ilp32\libg_nano.a
LOAD d:/newmounriver/mounriver/mounriver_studio/toolchain/risc-v embedded gcc/bin/../lib/gcc/riscv-none-embed/8.2.0/../../../../riscv-none-embed/lib/rv32imac/ilp32\libc_nano.a
LOAD d:/newmounriver/mounriver/mounriver_studio/toolchain/risc-v embedded gcc/bin/../lib/gcc/riscv-none-embed/8.2.0/rv32imac/ilp32\libgcc.a
START GROUP
LOAD d:/newmounriver/mounriver/mounriver_studio/toolchain/risc-v embedded gcc/bin/../lib/gcc/riscv-none-embed/8.2.0/rv32imac/ilp32\libgcc.a
LOAD d:/newmounriver/mounriver/mounriver_studio/toolchain/risc-v embedded gcc/bin/../lib/gcc/riscv-none-embed/8.2.0/../../../../riscv-none-embed/lib/rv32imac/ilp32\libc_nano.a
LOAD d:/newmounriver/mounriver/mounriver_studio/toolchain/risc-v embedded gcc/bin/../lib/gcc/riscv-none-embed/8.2.0/../../../../riscv-none-embed/lib/rv32imac/ilp32\libnosys.a
END GROUP
START GROUP
LOAD d:/newmounriver/mounriver/mounriver_studio/toolchain/risc-v embedded gcc/bin/../lib/gcc/riscv-none-embed/8.2.0/rv32imac/ilp32\libgcc.a
LOAD d:/newmounriver/mounriver/mounriver_studio/toolchain/risc-v embedded gcc/bin/../lib/gcc/riscv-none-embed/8.2.0/../../../../riscv-none-embed/lib/rv32imac/ilp32\libc_nano.a
LOAD d:/newmounriver/mounriver/mounriver_studio/toolchain/risc-v embedded gcc/bin/../lib/gcc/riscv-none-embed/8.2.0/../../../../riscv-none-embed/lib/rv32imac/ilp32\libnosys.a
END GROUP
                0x0000000000000800                __stack_size = 0x800
                [!provide]                        PROVIDE (_stack_size = __stack_size)

.init           0x0000000000000000       0x38
                0x0000000000000000                _sinit = .
                0x0000000000000000                . = ALIGN (0x4)
 *(SORT_NONE(.init))
 .init          0x0000000000000000       0x38 ./Startup/startup_ch32v10x.o
                0x0000000000000000                _start
                0x0000000000000038                . = ALIGN (0x4)
                0x0000000000000038                _einit = .

.vector         0x0000000000000038      0x108
 *(.vector)
 .vector        0x0000000000000038       0xf0 ./Startup/startup_ch32v10x.o
                0x0000000000000140                . = ALIGN (0x40)
 *fill*         0x0000000000000128       0x18 

.text           0x0000000000000140     0x1ad0
                0x0000000000000140                . = ALIGN (0x4)
 *(.text)
 .text          0x0000000000000140       0x60 d:/newmounriver/mounriver/mounriver_studio/toolchain/risc-v embedded gcc/bin/../lib/gcc/riscv-none-embed/8.2.0/rv32imac/ilp32\libgcc.a(save-restore.o)
                0x0000000000000140                __riscv_save_12
                0x0000000000000148                __riscv_save_9
                0x0000000000000148                __riscv_save_11
                0x0000000000000148                __riscv_save_10
                0x0000000000000148                __riscv_save_8
                0x0000000000000156                __riscv_save_4
                0x0000000000000156                __riscv_save_6
                0x0000000000000156                __riscv_save_5
                0x0000000000000156                __riscv_save_7
                0x0000000000000170                __riscv_save_3
                0x0000000000000170                __riscv_save_2
                0x0000000000000170                __riscv_save_1
                0x0000000000000170                __riscv_save_0
                0x000000000000017c                __riscv_restore_12
                0x0000000000000180                __riscv_restore_11
                0x0000000000000180                __riscv_restore_9
                0x0000000000000180                __riscv_restore_10
                0x0000000000000180                __riscv_restore_8
                0x000000000000018a                __riscv_restore_5
                0x000000000000018a                __riscv_restore_7
                0x000000000000018a                __riscv_restore_6
                0x000000000000018a                __riscv_restore_4
                0x0000000000000194                __riscv_restore_3
                0x0000000000000194                __riscv_restore_0
                0x0000000000000194                __riscv_restore_2
                0x0000000000000194                __riscv_restore_1
 .text          0x00000000000001a0       0xa8 d:/newmounriver/mounriver/mounriver_studio/toolchain/risc-v embedded gcc/bin/../lib/gcc/riscv-none-embed/8.2.0/../../../../riscv-none-embed/lib/rv32imac/ilp32\libg_nano.a(lib_a-memset.o)
                0x00000000000001a0                memset
 *(.text.*)
 .text.NMI_Handler
                0x0000000000000248        0x4 ./User/ch32v10x_it.o
                0x0000000000000248                NMI_Handler
 .text.HardFault_Handler
                0x000000000000024c        0x2 ./User/ch32v10x_it.o
                0x000000000000024c                HardFault_Handler
 .text.startup.main
                0x000000000000024e       0x32 ./User/main.o
                0x000000000000024e                main
 .text.SystemInit
                0x0000000000000280      0x106 ./User/system_ch32v10x.o
                0x0000000000000280                SystemInit
 .text.vector_handler
                0x0000000000000386       0x58 ./Startup/startup_ch32v10x.o
                0x000000000000038a                SysTick_Handler
                0x000000000000038c                SW_Handler
                0x000000000000038e                WWDG_IRQHandler
                0x0000000000000390                PVD_IRQHandler
                0x0000000000000392                TAMPER_IRQHandler
                0x0000000000000394                RTC_IRQHandler
                0x0000000000000396                FLASH_IRQHandler
                0x0000000000000398                RCC_IRQHandler
                0x000000000000039a                EXTI0_IRQHandler
                0x000000000000039c                EXTI1_IRQHandler
                0x000000000000039e                EXTI2_IRQHandler
                0x00000000000003a0                EXTI3_IRQHandler
                0x00000000000003a2                EXTI4_IRQHandler
                0x00000000000003a4                DMA1_Channel1_IRQHandler
                0x00000000000003a6                DMA1_Channel2_IRQHandler
                0x00000000000003a8                DMA1_Channel3_IRQHandler
                0x00000000000003aa                DMA1_Channel4_IRQHandler
                0x00000000000003ac                DMA1_Channel5_IRQHandler
                0x00000000000003ae                DMA1_Channel6_IRQHandler
                0x00000000000003b0                DMA1_Channel7_IRQHandler
                0x00000000000003b2                ADC1_2_IRQHandler
                0x00000000000003b4                EXTI9_5_IRQHandler
                0x00000000000003b6                TIM1_BRK_IRQHandler
                0x00000000000003b8                TIM1_UP_IRQHandler
                0x00000000000003ba                TIM1_TRG_COM_IRQHandler
                0x00000000000003bc                TIM1_CC_IRQHandler
                0x00000000000003be                TIM2_IRQHandler
                0x00000000000003c0                TIM3_IRQHandler
                0x00000000000003c2                TIM4_IRQHandler
                0x00000000000003c4                I2C1_EV_IRQHandler
                0x00000000000003c6                I2C1_ER_IRQHandler
                0x00000000000003c8                I2C2_EV_IRQHandler
                0x00000000000003ca                I2C2_ER_IRQHandler
                0x00000000000003cc                SPI1_IRQHandler
                0x00000000000003ce                SPI2_IRQHandler
                0x00000000000003d0                USART1_IRQHandler
                0x00000000000003d2                USART2_IRQHandler
                0x00000000000003d4                USART3_IRQHandler
                0x00000000000003d6                EXTI15_10_IRQHandler
                0x00000000000003d8                RTCAlarm_IRQHandler
                0x00000000000003da                USBWakeUp_IRQHandler
                0x00000000000003dc                USBHD_IRQHandler
 .text.handle_reset
                0x00000000000003de       0x86 ./Startup/startup_ch32v10x.o
                0x00000000000003de                handle_reset
 .text.GPIO_Init
                0x0000000000000464       0xc2 ./Peripheral/src/ch32v10x_gpio.o
                0x0000000000000464                GPIO_Init
 .text.NVIC_PriorityGroupConfig
                0x0000000000000526        0x6 ./Peripheral/src/ch32v10x_misc.o
                0x0000000000000526                NVIC_PriorityGroupConfig
 .text.RCC_GetClocksFreq
                0x000000000000052c       0xbc ./Peripheral/src/ch32v10x_rcc.o
                0x000000000000052c                RCC_GetClocksFreq
 .text.RCC_APB2PeriphClockCmd
                0x00000000000005e8       0x1e ./Peripheral/src/ch32v10x_rcc.o
                0x00000000000005e8                RCC_APB2PeriphClockCmd
 .text.USART_Init
                0x0000000000000606       0xd4 ./Peripheral/src/ch32v10x_usart.o
                0x0000000000000606                USART_Init
 .text.USART_Cmd
                0x00000000000006da       0x1c ./Peripheral/src/ch32v10x_usart.o
                0x00000000000006da                USART_Cmd
 .text.USART_SendData
                0x00000000000006f6        0xa ./Peripheral/src/ch32v10x_usart.o
                0x00000000000006f6                USART_SendData
 .text.USART_GetFlagStatus
                0x0000000000000700        0xc ./Peripheral/src/ch32v10x_usart.o
                0x0000000000000700                USART_GetFlagStatus
 .text.Delay_Init
                0x000000000000070c       0x2a ./Debug/debug.o
                0x000000000000070c                Delay_Init
 .text.USART_Printf_Init
                0x0000000000000736       0x52 ./Debug/debug.o
                0x0000000000000736                USART_Printf_Init
 .text._write   0x0000000000000788       0x38 ./Debug/debug.o
                0x0000000000000788                _write
 .text._sbrk    0x00000000000007c0       0x26 ./Debug/debug.o
                0x00000000000007c0                _sbrk
 .text._fini    0x00000000000007e6        0x2 ./Debug/debug.o
                0x00000000000007e6                _fini
 .text._init    0x00000000000007e8        0x2 ./Debug/debug.o
                0x00000000000007e8                _init
 .text.atexit   0x00000000000007ea        0xa d:/newmounriver/mounriver/mounriver_studio/toolchain/risc-v embedded gcc/bin/../lib/gcc/riscv-none-embed/8.2.0/../../../../riscv-none-embed/lib/rv32imac/ilp32\libg_nano.a(lib_a-atexit.o)
                0x00000000000007ea                atexit
 .text.__libc_fini_array
                0x00000000000007f4       0x38 d:/newmounriver/mounriver/mounriver_studio/toolchain/risc-v embedded gcc/bin/../lib/gcc/riscv-none-embed/8.2.0/../../../../riscv-none-embed/lib/rv32imac/ilp32\libg_nano.a(lib_a-fini.o)
                0x00000000000007f4                __libc_fini_array
 .text.__libc_init_array
                0x000000000000082c       0x6c d:/newmounriver/mounriver/mounriver_studio/toolchain/risc-v embedded gcc/bin/../lib/gcc/riscv-none-embed/8.2.0/../../../../riscv-none-embed/lib/rv32imac/ilp32\libg_nano.a(lib_a-init.o)
                0x000000000000082c                __libc_init_array
 .text.printf   0x0000000000000898       0x40 d:/newmounriver/mounriver/mounriver_studio/toolchain/risc-v embedded gcc/bin/../lib/gcc/riscv-none-embed/8.2.0/../../../../riscv-none-embed/lib/rv32imac/ilp32\libg_nano.a(lib_a-printf.o)
                0x0000000000000898                iprintf
                0x0000000000000898                printf
 .text._puts_r  0x00000000000008d8       0xda d:/newmounriver/mounriver/mounriver_studio/toolchain/risc-v embedded gcc/bin/../lib/gcc/riscv-none-embed/8.2.0/../../../../riscv-none-embed/lib/rv32imac/ilp32\libg_nano.a(lib_a-puts.o)
                0x00000000000008d8                _puts_r
 .text.puts     0x00000000000009b2        0xa d:/newmounriver/mounriver/mounriver_studio/toolchain/risc-v embedded gcc/bin/../lib/gcc/riscv-none-embed/8.2.0/../../../../riscv-none-embed/lib/rv32imac/ilp32\libg_nano.a(lib_a-puts.o)
                0x00000000000009b2                puts
 .text.__swbuf_r
                0x00000000000009bc       0xc0 d:/newmounriver/mounriver/mounriver_studio/toolchain/risc-v embedded gcc/bin/../lib/gcc/riscv-none-embed/8.2.0/../../../../riscv-none-embed/lib/rv32imac/ilp32\libg_nano.a(lib_a-wbuf.o)
                0x00000000000009bc                __swbuf_r
 .text.__swsetup_r
                0x0000000000000a7c      0x10c d:/newmounriver/mounriver/mounriver_studio/toolchain/risc-v embedded gcc/bin/../lib/gcc/riscv-none-embed/8.2.0/../../../../riscv-none-embed/lib/rv32imac/ilp32\libg_nano.a(lib_a-wsetup.o)
                0x0000000000000a7c                __swsetup_r
 .text.__register_exitproc
                0x0000000000000b88       0x7c d:/newmounriver/mounriver/mounriver_studio/toolchain/risc-v embedded gcc/bin/../lib/gcc/riscv-none-embed/8.2.0/../../../../riscv-none-embed/lib/rv32imac/ilp32\libg_nano.a(lib_a-__atexit.o)
                0x0000000000000b88                __register_exitproc
 .text.startup.register_fini
                0x0000000000000c04       0x16 d:/newmounriver/mounriver/mounriver_studio/toolchain/risc-v embedded gcc/bin/../lib/gcc/riscv-none-embed/8.2.0/../../../../riscv-none-embed/lib/rv32imac/ilp32\libg_nano.a(lib_a-__call_atexit.o)
 .text.__sflush_r
                0x0000000000000c1a      0x13c d:/newmounriver/mounriver/mounriver_studio/toolchain/risc-v embedded gcc/bin/../lib/gcc/riscv-none-embed/8.2.0/../../../../riscv-none-embed/lib/rv32imac/ilp32\libg_nano.a(lib_a-fflush.o)
                0x0000000000000c1a                __sflush_r
 .text._fflush_r
                0x0000000000000d56       0x64 d:/newmounriver/mounriver/mounriver_studio/toolchain/risc-v embedded gcc/bin/../lib/gcc/riscv-none-embed/8.2.0/../../../../riscv-none-embed/lib/rv32imac/ilp32\libg_nano.a(lib_a-fflush.o)
                0x0000000000000d56                _fflush_r
 .text.std      0x0000000000000dba       0x6a d:/newmounriver/mounriver/mounriver_studio/toolchain/risc-v embedded gcc/bin/../lib/gcc/riscv-none-embed/8.2.0/../../../../riscv-none-embed/lib/rv32imac/ilp32\libg_nano.a(lib_a-findfp.o)
 .text._cleanup_r
                0x0000000000000e24        0xa d:/newmounriver/mounriver/mounriver_studio/toolchain/risc-v embedded gcc/bin/../lib/gcc/riscv-none-embed/8.2.0/../../../../riscv-none-embed/lib/rv32imac/ilp32\libg_nano.a(lib_a-findfp.o)
                0x0000000000000e24                _cleanup_r
 .text.__sfmoreglue
                0x0000000000000e2e       0x46 d:/newmounriver/mounriver/mounriver_studio/toolchain/risc-v embedded gcc/bin/../lib/gcc/riscv-none-embed/8.2.0/../../../../riscv-none-embed/lib/rv32imac/ilp32\libg_nano.a(lib_a-findfp.o)
                0x0000000000000e2e                __sfmoreglue
 .text.__sinit  0x0000000000000e74       0x66 d:/newmounriver/mounriver/mounriver_studio/toolchain/risc-v embedded gcc/bin/../lib/gcc/riscv-none-embed/8.2.0/../../../../riscv-none-embed/lib/rv32imac/ilp32\libg_nano.a(lib_a-findfp.o)
                0x0000000000000e74                __sinit
 .text.__sfp    0x0000000000000eda       0x9c d:/newmounriver/mounriver/mounriver_studio/toolchain/risc-v embedded gcc/bin/../lib/gcc/riscv-none-embed/8.2.0/../../../../riscv-none-embed/lib/rv32imac/ilp32\libg_nano.a(lib_a-findfp.o)
                0x0000000000000eda                __sfp
 .text._fwalk_reent
                0x0000000000000f76       0x6c d:/newmounriver/mounriver/mounriver_studio/toolchain/risc-v embedded gcc/bin/../lib/gcc/riscv-none-embed/8.2.0/../../../../riscv-none-embed/lib/rv32imac/ilp32\libg_nano.a(lib_a-fwalk.o)
                0x0000000000000f76                _fwalk_reent
 .text.__swhatbuf_r
                0x0000000000000fe2       0x5a d:/newmounriver/mounriver/mounriver_studio/toolchain/risc-v embedded gcc/bin/../lib/gcc/riscv-none-embed/8.2.0/../../../../riscv-none-embed/lib/rv32imac/ilp32\libg_nano.a(lib_a-makebuf.o)
                0x0000000000000fe2                __swhatbuf_r
 .text.__smakebuf_r
                0x000000000000103c       0x9e d:/newmounriver/mounriver/mounriver_studio/toolchain/risc-v embedded gcc/bin/../lib/gcc/riscv-none-embed/8.2.0/../../../../riscv-none-embed/lib/rv32imac/ilp32\libg_nano.a(lib_a-makebuf.o)
                0x000000000000103c                __smakebuf_r
 .text._free_r  0x00000000000010da       0xa8 d:/newmounriver/mounriver/mounriver_studio/toolchain/risc-v embedded gcc/bin/../lib/gcc/riscv-none-embed/8.2.0/../../../../riscv-none-embed/lib/rv32imac/ilp32\libg_nano.a(lib_a-nano-freer.o)
                0x00000000000010da                _free_r
 .text._malloc_r
                0x0000000000001182       0xd4 d:/newmounriver/mounriver/mounriver_studio/toolchain/risc-v embedded gcc/bin/../lib/gcc/riscv-none-embed/8.2.0/../../../../riscv-none-embed/lib/rv32imac/ilp32\libg_nano.a(lib_a-nano-mallocr.o)
                0x0000000000001182                _malloc_r
 .text.__sfputc_r
                0x0000000000001256       0x2a d:/newmounriver/mounriver/mounriver_studio/toolchain/risc-v embedded gcc/bin/../lib/gcc/riscv-none-embed/8.2.0/../../../../riscv-none-embed/lib/rv32imac/ilp32\libg_nano.a(lib_a-nano-vfprintf.o)
 .text.__sfputs_r
                0x0000000000001280       0x42 d:/newmounriver/mounriver/mounriver_studio/toolchain/risc-v embedded gcc/bin/../lib/gcc/riscv-none-embed/8.2.0/../../../../riscv-none-embed/lib/rv32imac/ilp32\libg_nano.a(lib_a-nano-vfprintf.o)
                0x0000000000001280                __sfputs_r
 .text._vfprintf_r
                0x00000000000012c2      0x298 d:/newmounriver/mounriver/mounriver_studio/toolchain/risc-v embedded gcc/bin/../lib/gcc/riscv-none-embed/8.2.0/../../../../riscv-none-embed/lib/rv32imac/ilp32\libg_nano.a(lib_a-nano-vfprintf.o)
                0x00000000000012c2                _vfprintf_r
                0x00000000000012c2                _vfiprintf_r
 .text._printf_common
                0x000000000000155a      0x10c d:/newmounriver/mounriver/mounriver_studio/toolchain/risc-v embedded gcc/bin/../lib/gcc/riscv-none-embed/8.2.0/../../../../riscv-none-embed/lib/rv32imac/ilp32\libg_nano.a(lib_a-nano-vfprintf_i.o)
                0x000000000000155a                _printf_common
 .text._printf_i
                0x0000000000001666      0x2a8 d:/newmounriver/mounriver/mounriver_studio/toolchain/risc-v embedded gcc/bin/../lib/gcc/riscv-none-embed/8.2.0/../../../../riscv-none-embed/lib/rv32imac/ilp32\libg_nano.a(lib_a-nano-vfprintf_i.o)
                0x0000000000001666                _printf_i
 .text._sbrk_r  0x000000000000190e       0x2a d:/newmounriver/mounriver/mounriver_studio/toolchain/risc-v embedded gcc/bin/../lib/gcc/riscv-none-embed/8.2.0/../../../../riscv-none-embed/lib/rv32imac/ilp32\libg_nano.a(lib_a-sbrkr.o)
                0x000000000000190e                _sbrk_r
 .text.__sread  0x0000000000001938       0x30 d:/newmounriver/mounriver/mounriver_studio/toolchain/risc-v embedded gcc/bin/../lib/gcc/riscv-none-embed/8.2.0/../../../../riscv-none-embed/lib/rv32imac/ilp32\libg_nano.a(lib_a-stdio.o)
                0x0000000000001938                __sread
 .text.__swrite
                0x0000000000001968       0x4e d:/newmounriver/mounriver/mounriver_studio/toolchain/risc-v embedded gcc/bin/../lib/gcc/riscv-none-embed/8.2.0/../../../../riscv-none-embed/lib/rv32imac/ilp32\libg_nano.a(lib_a-stdio.o)
                0x0000000000001968                __swrite
 .text.__sseek  0x00000000000019b6       0x36 d:/newmounriver/mounriver/mounriver_studio/toolchain/risc-v embedded gcc/bin/../lib/gcc/riscv-none-embed/8.2.0/../../../../riscv-none-embed/lib/rv32imac/ilp32\libg_nano.a(lib_a-stdio.o)
                0x00000000000019b6                __sseek
 .text.__sclose
                0x00000000000019ec        0x6 d:/newmounriver/mounriver/mounriver_studio/toolchain/risc-v embedded gcc/bin/../lib/gcc/riscv-none-embed/8.2.0/../../../../riscv-none-embed/lib/rv32imac/ilp32\libg_nano.a(lib_a-stdio.o)
                0x00000000000019ec                __sclose
 .text._write_r
                0x00000000000019f2       0x2e d:/newmounriver/mounriver/mounriver_studio/toolchain/risc-v embedded gcc/bin/../lib/gcc/riscv-none-embed/8.2.0/../../../../riscv-none-embed/lib/rv32imac/ilp32\libg_nano.a(lib_a-writer.o)
                0x00000000000019f2                _write_r
 .text._close_r
                0x0000000000001a20       0x28 d:/newmounriver/mounriver/mounriver_studio/toolchain/risc-v embedded gcc/bin/../lib/gcc/riscv-none-embed/8.2.0/../../../../riscv-none-embed/lib/rv32imac/ilp32\libg_nano.a(lib_a-closer.o)
                0x0000000000001a20                _close_r
 .text._fstat_r
                0x0000000000001a48       0x2a d:/newmounriver/mounriver/mounriver_studio/toolchain/risc-v embedded gcc/bin/../lib/gcc/riscv-none-embed/8.2.0/../../../../riscv-none-embed/lib/rv32imac/ilp32\libg_nano.a(lib_a-fstatr.o)
                0x0000000000001a48                _fstat_r
 .text._isatty_r
                0x0000000000001a72       0x28 d:/newmounriver/mounriver/mounriver_studio/toolchain/risc-v embedded gcc/bin/../lib/gcc/riscv-none-embed/8.2.0/../../../../riscv-none-embed/lib/rv32imac/ilp32\libg_nano.a(lib_a-isattyr.o)
                0x0000000000001a72                _isatty_r
 .text._lseek_r
                0x0000000000001a9a       0x2c d:/newmounriver/mounriver/mounriver_studio/toolchain/risc-v embedded gcc/bin/../lib/gcc/riscv-none-embed/8.2.0/../../../../riscv-none-embed/lib/rv32imac/ilp32\libg_nano.a(lib_a-lseekr.o)
                0x0000000000001a9a                _lseek_r
 .text.memchr   0x0000000000001ac6       0x1a d:/newmounriver/mounriver/mounriver_studio/toolchain/risc-v embedded gcc/bin/../lib/gcc/riscv-none-embed/8.2.0/../../../../riscv-none-embed/lib/rv32imac/ilp32\libg_nano.a(lib_a-memchr.o)
                0x0000000000001ac6                memchr
 .text.__malloc_lock
                0x0000000000001ae0        0x2 d:/newmounriver/mounriver/mounriver_studio/toolchain/risc-v embedded gcc/bin/../lib/gcc/riscv-none-embed/8.2.0/../../../../riscv-none-embed/lib/rv32imac/ilp32\libg_nano.a(lib_a-mlock.o)
                0x0000000000001ae0                __malloc_lock
 .text.__malloc_unlock
                0x0000000000001ae2        0x2 d:/newmounriver/mounriver/mounriver_studio/toolchain/risc-v embedded gcc/bin/../lib/gcc/riscv-none-embed/8.2.0/../../../../riscv-none-embed/lib/rv32imac/ilp32\libg_nano.a(lib_a-mlock.o)
                0x0000000000001ae2                __malloc_unlock
 .text._read_r  0x0000000000001ae4       0x2c d:/newmounriver/mounriver/mounriver_studio/toolchain/risc-v embedded gcc/bin/../lib/gcc/riscv-none-embed/8.2.0/../../../../riscv-none-embed/lib/rv32imac/ilp32\libg_nano.a(lib_a-readr.o)
                0x0000000000001ae4                _read_r
 .text._close   0x0000000000001b10        0xc d:/newmounriver/mounriver/mounriver_studio/toolchain/risc-v embedded gcc/bin/../lib/gcc/riscv-none-embed/8.2.0/../../../../riscv-none-embed/lib/rv32imac/ilp32\libnosys.a(close.o)
                0x0000000000001b10                _close
 .text._fstat   0x0000000000001b1c        0xc d:/newmounriver/mounriver/mounriver_studio/toolchain/risc-v embedded gcc/bin/../lib/gcc/riscv-none-embed/8.2.0/../../../../riscv-none-embed/lib/rv32imac/ilp32\libnosys.a(fstat.o)
                0x0000000000001b1c                _fstat
 .text._isatty  0x0000000000001b28        0xc d:/newmounriver/mounriver/mounriver_studio/toolchain/risc-v embedded gcc/bin/../lib/gcc/riscv-none-embed/8.2.0/../../../../riscv-none-embed/lib/rv32imac/ilp32\libnosys.a(isatty.o)
                0x0000000000001b28                _isatty
 .text._lseek   0x0000000000001b34        0xc d:/newmounriver/mounriver/mounriver_studio/toolchain/risc-v embedded gcc/bin/../lib/gcc/riscv-none-embed/8.2.0/../../../../riscv-none-embed/lib/rv32imac/ilp32\libnosys.a(lseek.o)
                0x0000000000001b34                _lseek
 .text._read    0x0000000000001b40        0xc d:/newmounriver/mounriver/mounriver_studio/toolchain/risc-v embedded gcc/bin/../lib/gcc/riscv-none-embed/8.2.0/../../../../riscv-none-embed/lib/rv32imac/ilp32\libnosys.a(read.o)
                0x0000000000001b40                _read
 *(.rodata)
 *(.rodata*)
 *fill*         0x0000000000001b4c        0x0 
 .rodata.main.str1.4
                0x0000000000001b4c       0x28 ./User/main.o
 .rodata.__sf_fake_stderr
                0x0000000000001b74       0x20 d:/newmounriver/mounriver/mounriver_studio/toolchain/risc-v embedded gcc/bin/../lib/gcc/riscv-none-embed/8.2.0/../../../../riscv-none-embed/lib/rv32imac/ilp32\libg_nano.a(lib_a-findfp.o)
                0x0000000000001b74                __sf_fake_stderr
 .rodata.__sf_fake_stdin
                0x0000000000001b94       0x20 d:/newmounriver/mounriver/mounriver_studio/toolchain/risc-v embedded gcc/bin/../lib/gcc/riscv-none-embed/8.2.0/../../../../riscv-none-embed/lib/rv32imac/ilp32\libg_nano.a(lib_a-findfp.o)
                0x0000000000001b94                __sf_fake_stdin
 .rodata.__sf_fake_stdout
                0x0000000000001bb4       0x20 d:/newmounriver/mounriver/mounriver_studio/toolchain/risc-v embedded gcc/bin/../lib/gcc/riscv-none-embed/8.2.0/../../../../riscv-none-embed/lib/rv32imac/ilp32\libg_nano.a(lib_a-findfp.o)
                0x0000000000001bb4                __sf_fake_stdout
 .rodata._vfprintf_r.str1.4
                0x0000000000001bd4       0x13 d:/newmounriver/mounriver/mounriver_studio/toolchain/risc-v embedded gcc/bin/../lib/gcc/riscv-none-embed/8.2.0/../../../../riscv-none-embed/lib/rv32imac/ilp32\libg_nano.a(lib_a-nano-vfprintf.o)
 *fill*         0x0000000000001be7        0x1 
 .rodata._printf_i.str1.4
                0x0000000000001be8       0x28 d:/newmounriver/mounriver/mounriver_studio/toolchain/risc-v embedded gcc/bin/../lib/gcc/riscv-none-embed/8.2.0/../../../../riscv-none-embed/lib/rv32imac/ilp32\libg_nano.a(lib_a-nano-vfprintf_i.o)
                                         0x25 (size before relaxing)
 *(.gnu.linkonce.t.*)
                0x0000000000001c10                . = ALIGN (0x4)

.rela.dyn       0x0000000000001c10        0x0
 .rela.init     0x0000000000001c10        0x0 ./User/ch32v10x_it.o
 .rela.vector   0x0000000000001c10        0x0 ./User/ch32v10x_it.o
 .rela.text.handle_reset
                0x0000000000001c10        0x0 ./User/ch32v10x_it.o
 .rela.text._sbrk
                0x0000000000001c10        0x0 ./User/ch32v10x_it.o
 .rela.sdata.curbrk.4516
                0x0000000000001c10        0x0 ./User/ch32v10x_it.o
 .rela.text.__libc_fini_array
                0x0000000000001c10        0x0 ./User/ch32v10x_it.o
 .rela.text.__libc_init_array
                0x0000000000001c10        0x0 ./User/ch32v10x_it.o
 .rela.text.__register_exitproc
                0x0000000000001c10        0x0 ./User/ch32v10x_it.o
 .rela.text.startup.register_fini
                0x0000000000001c10        0x0 ./User/ch32v10x_it.o
 .rela.text._vfprintf_r
                0x0000000000001c10        0x0 ./User/ch32v10x_it.o
 .rela.text._sbrk_r
                0x0000000000001c10        0x0 ./User/ch32v10x_it.o
 .rela.text._write_r
                0x0000000000001c10        0x0 ./User/ch32v10x_it.o
 .rela.text._close_r
                0x0000000000001c10        0x0 ./User/ch32v10x_it.o
 .rela.text._fstat_r
                0x0000000000001c10        0x0 ./User/ch32v10x_it.o
 .rela.text._isatty_r
                0x0000000000001c10        0x0 ./User/ch32v10x_it.o
 .rela.text._lseek_r
                0x0000000000001c10        0x0 ./User/ch32v10x_it.o
 .rela.text._read_r
                0x0000000000001c10        0x0 ./User/ch32v10x_it.o
 .rela.text._close
                0x0000000000001c10        0x0 ./User/ch32v10x_it.o
 .rela.text._fstat
                0x0000000000001c10        0x0 ./User/ch32v10x_it.o
 .rela.text._isatty
                0x0000000000001c10        0x0 ./User/ch32v10x_it.o
 .rela.text._lseek
                0x0000000000001c10        0x0 ./User/ch32v10x_it.o
 .rela.text._read
                0x0000000000001c10        0x0 ./User/ch32v10x_it.o

.fini           0x0000000000001c10        0x0
 *(SORT_NONE(.fini))
                0x0000000000001c10                . = ALIGN (0x4)
                [!provide]                        PROVIDE (_etext = .)
                [!provide]                        PROVIDE (_eitcm = .)

.preinit_array  0x0000000000001c10        0x0
                0x0000000000001c10                PROVIDE (__preinit_array_start = .)
 *(.preinit_array)
                0x0000000000001c10                PROVIDE (__preinit_array_end = .)

.init_array     0x0000000000001c10        0x4
                0x0000000000001c10                PROVIDE (__init_array_start = .)
 *(SORT_BY_INIT_PRIORITY(.init_array.*) SORT_BY_INIT_PRIORITY(.ctors.*))
 .init_array.00000
                0x0000000000001c10        0x4 d:/newmounriver/mounriver/mounriver_studio/toolchain/risc-v embedded gcc/bin/../lib/gcc/riscv-none-embed/8.2.0/../../../../riscv-none-embed/lib/rv32imac/ilp32\libg_nano.a(lib_a-__call_atexit.o)
 *(.init_array EXCLUDE_FILE(*crtend?.o *crtend.o *crtbegin?.o *crtbegin.o) .ctors)
                0x0000000000001c14                PROVIDE (__init_array_end = .)

.fini_array     0x0000000000001c14        0x0
                0x0000000000001c14                PROVIDE (__fini_array_start = .)
 *(SORT_BY_INIT_PRIORITY(.fini_array.*) SORT_BY_INIT_PRIORITY(.dtors.*))
 *(.fini_array EXCLUDE_FILE(*crtend?.o *crtend.o *crtbegin?.o *crtbegin.o) .dtors)
                0x0000000000001c14                PROVIDE (__fini_array_end = .)

.ctors
 *crtbegin.o(.ctors)
 *crtbegin?.o(.ctors)
 *(EXCLUDE_FILE(*crtend?.o *crtend.o) .ctors)
 *(SORT_BY_NAME(.ctors.*))
 *(.ctors)

.dtors
 *crtbegin.o(.dtors)
 *crtbegin?.o(.dtors)
 *(EXCLUDE_FILE(*crtend?.o *crtend.o) .dtors)
 *(SORT_BY_NAME(.dtors.*))
 *(.dtors)

.dalign         0x0000000020000000        0x0 load address 0x0000000000001c14
                0x0000000020000000                . = ALIGN (0x4)
                0x0000000020000000                PROVIDE (_data_vma = .)

.dlalign        0x0000000000001c14        0x0
                0x0000000000001c14                . = ALIGN (0x4)
                0x0000000000001c14                PROVIDE (_data_lma = .)

.data           0x0000000020000000       0x88 load address 0x0000000000001c14
 *(.gnu.linkonce.r.*)
 *(.data .data.*)
 .data.APBAHBPrescTable
                0x0000000020000000       0x10 ./Peripheral/src/ch32v10x_rcc.o
 .data.impure_data
                0x0000000020000010       0x60 d:/newmounriver/mounriver/mounriver_studio/toolchain/risc-v embedded gcc/bin/../lib/gcc/riscv-none-embed/8.2.0/../../../../riscv-none-embed/lib/rv32imac/ilp32\libg_nano.a(lib_a-impure.o)
 *(.gnu.linkonce.d.*)
                0x0000000020000070                . = ALIGN (0x8)
                0x0000000020000870                PROVIDE (__global_pointer$ = (. + 0x800))
 *(.sdata .sdata.*)
 .sdata.SystemCoreClock
                0x0000000020000070        0x4 ./User/system_ch32v10x.o
                0x0000000020000070                SystemCoreClock
 .sdata.ADCPrescTable
                0x0000000020000074        0x4 ./Peripheral/src/ch32v10x_rcc.o
 .sdata.curbrk.4516
                0x0000000020000078        0x4 ./Debug/debug.o
 .sdata._impure_ptr
                0x000000002000007c        0x4 d:/newmounriver/mounriver/mounriver_studio/toolchain/risc-v embedded gcc/bin/../lib/gcc/riscv-none-embed/8.2.0/../../../../riscv-none-embed/lib/rv32imac/ilp32\libg_nano.a(lib_a-impure.o)
                0x000000002000007c                _impure_ptr
 *(.sdata2.*)
 .sdata2._global_impure_ptr
                0x0000000020000080        0x4 d:/newmounriver/mounriver/mounriver_studio/toolchain/risc-v embedded gcc/bin/../lib/gcc/riscv-none-embed/8.2.0/../../../../riscv-none-embed/lib/rv32imac/ilp32\libg_nano.a(lib_a-impure.o)
                0x0000000020000080                _global_impure_ptr
 *(.gnu.linkonce.s.*)
                0x0000000020000088                . = ALIGN (0x8)
 *fill*         0x0000000020000084        0x4 
 *(.srodata.cst16)
 *(.srodata.cst8)
 *(.srodata.cst4)
 *(.srodata.cst2)
 *(.srodata .srodata.*)
                0x0000000020000088                . = ALIGN (0x4)
                0x0000000020000088                PROVIDE (_edata = .)

.bss            0x0000000020000088       0xa4 load address 0x0000000000001c9c
                0x0000000020000088                . = ALIGN (0x4)
                0x0000000020000088                PROVIDE (_sbss = .)
 *(.sbss*)
 .sbss.NVIC_Priority_Group
                0x0000000020000088        0x4 ./Peripheral/src/ch32v10x_misc.o
                0x0000000020000088                NVIC_Priority_Group
 .sbss.p_ms     0x000000002000008c        0x2 ./Debug/debug.o
 .sbss.p_us     0x000000002000008e        0x1 ./Debug/debug.o
 *fill*         0x000000002000008f        0x1 
 .sbss._global_atexit
                0x0000000020000090        0x4 d:/newmounriver/mounriver/mounriver_studio/toolchain/risc-v embedded gcc/bin/../lib/gcc/riscv-none-embed/8.2.0/../../../../riscv-none-embed/lib/rv32imac/ilp32\libg_nano.a(lib_a-__call_atexit.o)
                0x0000000020000090                _global_atexit
 .sbss.__malloc_free_list
                0x0000000020000094        0x4 d:/newmounriver/mounriver/mounriver_studio/toolchain/risc-v embedded gcc/bin/../lib/gcc/riscv-none-embed/8.2.0/../../../../riscv-none-embed/lib/rv32imac/ilp32\libg_nano.a(lib_a-nano-mallocr.o)
                0x0000000020000094                __malloc_free_list
 .sbss.__malloc_sbrk_start
                0x0000000020000098        0x4 d:/newmounriver/mounriver/mounriver_studio/toolchain/risc-v embedded gcc/bin/../lib/gcc/riscv-none-embed/8.2.0/../../../../riscv-none-embed/lib/rv32imac/ilp32\libg_nano.a(lib_a-nano-mallocr.o)
                0x0000000020000098                __malloc_sbrk_start
 *(.gnu.linkonce.sb.*)
 *(.bss*)
 .bss._global_atexit0
                0x000000002000009c       0x8c d:/newmounriver/mounriver/mounriver_studio/toolchain/risc-v embedded gcc/bin/../lib/gcc/riscv-none-embed/8.2.0/../../../../riscv-none-embed/lib/rv32imac/ilp32\libg_nano.a(lib_a-__atexit.o)
 *(.gnu.linkonce.b.*)
 *(COMMON*)
 COMMON         0x0000000020000128        0x4 d:/newmounriver/mounriver/mounriver_studio/toolchain/risc-v embedded gcc/bin/../lib/gcc/riscv-none-embed/8.2.0/../../../../riscv-none-embed/lib/rv32imac/ilp32\libg_nano.a(lib_a-reent.o)
                0x0000000020000128                errno
                0x000000002000012c                . = ALIGN (0x4)
                0x000000002000012c                PROVIDE (_ebss = .)
                0x000000002000012c                PROVIDE (_end = _ebss)
                [!provide]                        PROVIDE (end = .)

.stack          0x0000000020004800      0x800
                0x0000000020004800                PROVIDE (_heap_end = .)
                0x0000000020004800                . = ALIGN (0x4)
                [!provide]                        PROVIDE (_susrstack = .)
                0x0000000020005000                . = (. + __stack_size)
 *fill*         0x0000000020004800      0x800 
                0x0000000020005000                PROVIDE (_eusrstack = .)
OUTPUT(CH32V103R8T6++.elf elf32-littleriscv)

.debug_info     0x0000000000000000     0x8131
 .debug_info    0x0000000000000000      0xb15 ./User/ch32v10x_it.o
 .debug_info    0x0000000000000b15      0xbb0 ./User/main.o
 .debug_info    0x00000000000016c5      0xd91 ./User/system_ch32v10x.o
 .debug_info    0x0000000000002456       0x22 ./Startup/startup_ch32v10x.o
 .debug_info    0x0000000000002478     0x1253 ./Peripheral/src/ch32v10x_gpio.o
 .debug_info    0x00000000000036cb      0xfe4 ./Peripheral/src/ch32v10x_misc.o
 .debug_info    0x00000000000046af     0x139e ./Peripheral/src/ch32v10x_rcc.o
 .debug_info    0x0000000000005a4d     0x1581 ./Peripheral/src/ch32v10x_usart.o
 .debug_info    0x0000000000006fce     0x1163 ./Debug/debug.o

.debug_abbrev   0x0000000000000000     0x1669
 .debug_abbrev  0x0000000000000000      0x1d4 ./User/ch32v10x_it.o
 .debug_abbrev  0x00000000000001d4      0x228 ./User/main.o
 .debug_abbrev  0x00000000000003fc      0x2c5 ./User/system_ch32v10x.o
 .debug_abbrev  0x00000000000006c1       0x12 ./Startup/startup_ch32v10x.o
 .debug_abbrev  0x00000000000006d3      0x32c ./Peripheral/src/ch32v10x_gpio.o
 .debug_abbrev  0x00000000000009ff      0x2f6 ./Peripheral/src/ch32v10x_misc.o
 .debug_abbrev  0x0000000000000cf5      0x356 ./Peripheral/src/ch32v10x_rcc.o
 .debug_abbrev  0x000000000000104b      0x317 ./Peripheral/src/ch32v10x_usart.o
 .debug_abbrev  0x0000000000001362      0x307 ./Debug/debug.o

.debug_aranges  0x0000000000000000      0x3d8
 .debug_aranges
                0x0000000000000000       0x28 ./User/ch32v10x_it.o
 .debug_aranges
                0x0000000000000028       0x20 ./User/main.o
 .debug_aranges
                0x0000000000000048       0x28 ./User/system_ch32v10x.o
 .debug_aranges
                0x0000000000000070       0x38 ./Startup/startup_ch32v10x.o
 .debug_aranges
                0x00000000000000a8       0xa0 ./Peripheral/src/ch32v10x_gpio.o
 .debug_aranges
                0x0000000000000148       0x28 ./Peripheral/src/ch32v10x_misc.o
 .debug_aranges
                0x0000000000000170      0x118 ./Peripheral/src/ch32v10x_rcc.o
 .debug_aranges
                0x0000000000000288      0x100 ./Peripheral/src/ch32v10x_usart.o
 .debug_aranges
                0x0000000000000388       0x50 ./Debug/debug.o

.debug_ranges   0x0000000000000000      0x388
 .debug_ranges  0x0000000000000000       0x18 ./User/ch32v10x_it.o
 .debug_ranges  0x0000000000000018       0x10 ./User/main.o
 .debug_ranges  0x0000000000000028       0x38 ./User/system_ch32v10x.o
 .debug_ranges  0x0000000000000060       0x30 ./Startup/startup_ch32v10x.o
 .debug_ranges  0x0000000000000090       0x90 ./Peripheral/src/ch32v10x_gpio.o
 .debug_ranges  0x0000000000000120       0x30 ./Peripheral/src/ch32v10x_misc.o
 .debug_ranges  0x0000000000000150      0x108 ./Peripheral/src/ch32v10x_rcc.o
 .debug_ranges  0x0000000000000258       0xf0 ./Peripheral/src/ch32v10x_usart.o
 .debug_ranges  0x0000000000000348       0x40 ./Debug/debug.o

.debug_line     0x0000000000000000     0x4a67
 .debug_line    0x0000000000000000      0x2a8 ./User/ch32v10x_it.o
 .debug_line    0x00000000000002a8      0x395 ./User/main.o
 .debug_line    0x000000000000063d      0x6d0 ./User/system_ch32v10x.o
 .debug_line    0x0000000000000d0d      0x332 ./Startup/startup_ch32v10x.o
 .debug_line    0x000000000000103f      0xcc3 ./Peripheral/src/ch32v10x_gpio.o
 .debug_line    0x0000000000001d02      0x554 ./Peripheral/src/ch32v10x_misc.o
 .debug_line    0x0000000000002256     0x10d1 ./Peripheral/src/ch32v10x_rcc.o
 .debug_line    0x0000000000003327      0xff4 ./Peripheral/src/ch32v10x_usart.o
 .debug_line    0x000000000000431b      0x74c ./Debug/debug.o

.debug_str      0x0000000000000000     0x19f3
 .debug_str     0x0000000000000000      0x6c6 ./User/ch32v10x_it.o
                                        0x744 (size before relaxing)
 .debug_str     0x00000000000006c6      0x161 ./User/main.o
                                        0x7c4 (size before relaxing)
 .debug_str     0x0000000000000827      0x12a ./User/system_ch32v10x.o
                                        0x869 (size before relaxing)
 .debug_str     0x0000000000000951       0x2a ./Startup/startup_ch32v10x.o
                                         0x57 (size before relaxing)
 .debug_str     0x000000000000097b      0x393 ./Peripheral/src/ch32v10x_gpio.o
                                        0xac9 (size before relaxing)
 .debug_str     0x0000000000000d0e      0x3fc ./Peripheral/src/ch32v10x_misc.o
                                        0xb65 (size before relaxing)
 .debug_str     0x000000000000110a      0x3c3 ./Peripheral/src/ch32v10x_rcc.o
                                        0xc0b (size before relaxing)
 .debug_str     0x00000000000014cd      0x422 ./Peripheral/src/ch32v10x_usart.o
                                        0xca5 (size before relaxing)
 .debug_str     0x00000000000018ef      0x104 ./Debug/debug.o
                                        0xaed (size before relaxing)

.comment        0x0000000000000000       0x33
 .comment       0x0000000000000000       0x33 ./User/ch32v10x_it.o
                                         0x34 (size before relaxing)
 .comment       0x0000000000000033       0x34 ./User/main.o
 .comment       0x0000000000000033       0x34 ./User/system_ch32v10x.o
 .comment       0x0000000000000033       0x34 ./Peripheral/src/ch32v10x_gpio.o
 .comment       0x0000000000000033       0x34 ./Peripheral/src/ch32v10x_misc.o
 .comment       0x0000000000000033       0x34 ./Peripheral/src/ch32v10x_rcc.o
 .comment       0x0000000000000033       0x34 ./Peripheral/src/ch32v10x_usart.o
 .comment       0x0000000000000033       0x34 ./Debug/debug.o

.debug_frame    0x0000000000000000     0x10e4
 .debug_frame   0x0000000000000000       0x30 ./User/ch32v10x_it.o
 .debug_frame   0x0000000000000030       0x3c ./User/system_ch32v10x.o
 .debug_frame   0x000000000000006c      0x138 ./Peripheral/src/ch32v10x_gpio.o
 .debug_frame   0x00000000000001a4       0x30 ./Peripheral/src/ch32v10x_misc.o
 .debug_frame   0x00000000000001d4      0x224 ./Peripheral/src/ch32v10x_rcc.o
 .debug_frame   0x00000000000003f8      0x204 ./Peripheral/src/ch32v10x_usart.o
 .debug_frame   0x00000000000005fc       0xbc ./Debug/debug.o
 .debug_frame   0x00000000000006b8       0x20 d:/newmounriver/mounriver/mounriver_studio/toolchain/risc-v embedded gcc/bin/../lib/gcc/riscv-none-embed/8.2.0/../../../../riscv-none-embed/lib/rv32imac/ilp32\libg_nano.a(lib_a-atexit.o)
 .debug_frame   0x00000000000006d8       0x38 d:/newmounriver/mounriver/mounriver_studio/toolchain/risc-v embedded gcc/bin/../lib/gcc/riscv-none-embed/8.2.0/../../../../riscv-none-embed/lib/rv32imac/ilp32\libg_nano.a(lib_a-fini.o)
 .debug_frame   0x0000000000000710       0x3c d:/newmounriver/mounriver/mounriver_studio/toolchain/risc-v embedded gcc/bin/../lib/gcc/riscv-none-embed/8.2.0/../../../../riscv-none-embed/lib/rv32imac/ilp32\libg_nano.a(lib_a-init.o)
 .debug_frame   0x000000000000074c       0x54 d:/newmounriver/mounriver/mounriver_studio/toolchain/risc-v embedded gcc/bin/../lib/gcc/riscv-none-embed/8.2.0/../../../../riscv-none-embed/lib/rv32imac/ilp32\libg_nano.a(lib_a-printf.o)
 .debug_frame   0x00000000000007a0       0x54 d:/newmounriver/mounriver/mounriver_studio/toolchain/risc-v embedded gcc/bin/../lib/gcc/riscv-none-embed/8.2.0/../../../../riscv-none-embed/lib/rv32imac/ilp32\libg_nano.a(lib_a-puts.o)
 .debug_frame   0x00000000000007f4       0x50 d:/newmounriver/mounriver/mounriver_studio/toolchain/risc-v embedded gcc/bin/../lib/gcc/riscv-none-embed/8.2.0/../../../../riscv-none-embed/lib/rv32imac/ilp32\libg_nano.a(lib_a-wbuf.o)
 .debug_frame   0x0000000000000844       0x3c d:/newmounriver/mounriver/mounriver_studio/toolchain/risc-v embedded gcc/bin/../lib/gcc/riscv-none-embed/8.2.0/../../../../riscv-none-embed/lib/rv32imac/ilp32\libg_nano.a(lib_a-wsetup.o)
 .debug_frame   0x0000000000000880       0x20 d:/newmounriver/mounriver/mounriver_studio/toolchain/risc-v embedded gcc/bin/../lib/gcc/riscv-none-embed/8.2.0/../../../../riscv-none-embed/lib/rv32imac/ilp32\libg_nano.a(lib_a-__atexit.o)
 .debug_frame   0x00000000000008a0       0x64 d:/newmounriver/mounriver/mounriver_studio/toolchain/risc-v embedded gcc/bin/../lib/gcc/riscv-none-embed/8.2.0/../../../../riscv-none-embed/lib/rv32imac/ilp32\libg_nano.a(lib_a-__call_atexit.o)
 .debug_frame   0x0000000000000904       0x7c d:/newmounriver/mounriver/mounriver_studio/toolchain/risc-v embedded gcc/bin/../lib/gcc/riscv-none-embed/8.2.0/../../../../riscv-none-embed/lib/rv32imac/ilp32\libg_nano.a(lib_a-fflush.o)
 .debug_frame   0x0000000000000980      0x148 d:/newmounriver/mounriver/mounriver_studio/toolchain/risc-v embedded gcc/bin/../lib/gcc/riscv-none-embed/8.2.0/../../../../riscv-none-embed/lib/rv32imac/ilp32\libg_nano.a(lib_a-findfp.o)
 .debug_frame   0x0000000000000ac8       0x88 d:/newmounriver/mounriver/mounriver_studio/toolchain/risc-v embedded gcc/bin/../lib/gcc/riscv-none-embed/8.2.0/../../../../riscv-none-embed/lib/rv32imac/ilp32\libg_nano.a(lib_a-fwalk.o)
 .debug_frame   0x0000000000000b50       0x64 d:/newmounriver/mounriver/mounriver_studio/toolchain/risc-v embedded gcc/bin/../lib/gcc/riscv-none-embed/8.2.0/../../../../riscv-none-embed/lib/rv32imac/ilp32\libg_nano.a(lib_a-makebuf.o)
 .debug_frame   0x0000000000000bb4       0x40 d:/newmounriver/mounriver/mounriver_studio/toolchain/risc-v embedded gcc/bin/../lib/gcc/riscv-none-embed/8.2.0/../../../../riscv-none-embed/lib/rv32imac/ilp32\libg_nano.a(lib_a-nano-freer.o)
 .debug_frame   0x0000000000000bf4       0x40 d:/newmounriver/mounriver/mounriver_studio/toolchain/risc-v embedded gcc/bin/../lib/gcc/riscv-none-embed/8.2.0/../../../../riscv-none-embed/lib/rv32imac/ilp32\libg_nano.a(lib_a-nano-mallocr.o)
 .debug_frame   0x0000000000000c34       0xd0 d:/newmounriver/mounriver/mounriver_studio/toolchain/risc-v embedded gcc/bin/../lib/gcc/riscv-none-embed/8.2.0/../../../../riscv-none-embed/lib/rv32imac/ilp32\libg_nano.a(lib_a-nano-vfprintf.o)
 .debug_frame   0x0000000000000d04       0x8c d:/newmounriver/mounriver/mounriver_studio/toolchain/risc-v embedded gcc/bin/../lib/gcc/riscv-none-embed/8.2.0/../../../../riscv-none-embed/lib/rv32imac/ilp32\libg_nano.a(lib_a-nano-vfprintf_i.o)
 .debug_frame   0x0000000000000d90       0x30 d:/newmounriver/mounriver/mounriver_studio/toolchain/risc-v embedded gcc/bin/../lib/gcc/riscv-none-embed/8.2.0/../../../../riscv-none-embed/lib/rv32imac/ilp32\libg_nano.a(lib_a-sbrkr.o)
 .debug_frame   0x0000000000000dc0       0xa4 d:/newmounriver/mounriver/mounriver_studio/toolchain/risc-v embedded gcc/bin/../lib/gcc/riscv-none-embed/8.2.0/../../../../riscv-none-embed/lib/rv32imac/ilp32\libg_nano.a(lib_a-stdio.o)
 .debug_frame   0x0000000000000e64       0x30 d:/newmounriver/mounriver/mounriver_studio/toolchain/risc-v embedded gcc/bin/../lib/gcc/riscv-none-embed/8.2.0/../../../../riscv-none-embed/lib/rv32imac/ilp32\libg_nano.a(lib_a-writer.o)
 .debug_frame   0x0000000000000e94       0x30 d:/newmounriver/mounriver/mounriver_studio/toolchain/risc-v embedded gcc/bin/../lib/gcc/riscv-none-embed/8.2.0/../../../../riscv-none-embed/lib/rv32imac/ilp32\libg_nano.a(lib_a-closer.o)
 .debug_frame   0x0000000000000ec4       0x30 d:/newmounriver/mounriver/mounriver_studio/toolchain/risc-v embedded gcc/bin/../lib/gcc/riscv-none-embed/8.2.0/../../../../riscv-none-embed/lib/rv32imac/ilp32\libg_nano.a(lib_a-fstatr.o)
 .debug_frame   0x0000000000000ef4       0x30 d:/newmounriver/mounriver/mounriver_studio/toolchain/risc-v embedded gcc/bin/../lib/gcc/riscv-none-embed/8.2.0/../../../../riscv-none-embed/lib/rv32imac/ilp32\libg_nano.a(lib_a-isattyr.o)
 .debug_frame   0x0000000000000f24       0x30 d:/newmounriver/mounriver/mounriver_studio/toolchain/risc-v embedded gcc/bin/../lib/gcc/riscv-none-embed/8.2.0/../../../../riscv-none-embed/lib/rv32imac/ilp32\libg_nano.a(lib_a-lseekr.o)
 .debug_frame   0x0000000000000f54       0x20 d:/newmounriver/mounriver/mounriver_studio/toolchain/risc-v embedded gcc/bin/../lib/gcc/riscv-none-embed/8.2.0/../../../../riscv-none-embed/lib/rv32imac/ilp32\libg_nano.a(lib_a-memchr.o)
 .debug_frame   0x0000000000000f74       0x30 d:/newmounriver/mounriver/mounriver_studio/toolchain/risc-v embedded gcc/bin/../lib/gcc/riscv-none-embed/8.2.0/../../../../riscv-none-embed/lib/rv32imac/ilp32\libg_nano.a(lib_a-mlock.o)
 .debug_frame   0x0000000000000fa4       0x30 d:/newmounriver/mounriver/mounriver_studio/toolchain/risc-v embedded gcc/bin/../lib/gcc/riscv-none-embed/8.2.0/../../../../riscv-none-embed/lib/rv32imac/ilp32\libg_nano.a(lib_a-readr.o)
 .debug_frame   0x0000000000000fd4       0x70 d:/newmounriver/mounriver/mounriver_studio/toolchain/risc-v embedded gcc/bin/../lib/gcc/riscv-none-embed/8.2.0/../../../../riscv-none-embed/lib/rv32imac/ilp32\libg_nano.a(lib_a-reent.o)
 .debug_frame   0x0000000000001044       0x20 d:/newmounriver/mounriver/mounriver_studio/toolchain/risc-v embedded gcc/bin/../lib/gcc/riscv-none-embed/8.2.0/../../../../riscv-none-embed/lib/rv32imac/ilp32\libnosys.a(close.o)
 .debug_frame   0x0000000000001064       0x20 d:/newmounriver/mounriver/mounriver_studio/toolchain/risc-v embedded gcc/bin/../lib/gcc/riscv-none-embed/8.2.0/../../../../riscv-none-embed/lib/rv32imac/ilp32\libnosys.a(fstat.o)
 .debug_frame   0x0000000000001084       0x20 d:/newmounriver/mounriver/mounriver_studio/toolchain/risc-v embedded gcc/bin/../lib/gcc/riscv-none-embed/8.2.0/../../../../riscv-none-embed/lib/rv32imac/ilp32\libnosys.a(isatty.o)
 .debug_frame   0x00000000000010a4       0x20 d:/newmounriver/mounriver/mounriver_studio/toolchain/risc-v embedded gcc/bin/../lib/gcc/riscv-none-embed/8.2.0/../../../../riscv-none-embed/lib/rv32imac/ilp32\libnosys.a(lseek.o)
 .debug_frame   0x00000000000010c4       0x20 d:/newmounriver/mounriver/mounriver_studio/toolchain/risc-v embedded gcc/bin/../lib/gcc/riscv-none-embed/8.2.0/../../../../riscv-none-embed/lib/rv32imac/ilp32\libnosys.a(read.o)

.debug_loc      0x0000000000000000     0x181a
 .debug_loc     0x0000000000000000       0xc3 ./User/system_ch32v10x.o
 .debug_loc     0x00000000000000c3      0x63c ./Peripheral/src/ch32v10x_gpio.o
 .debug_loc     0x00000000000006ff       0xe8 ./Peripheral/src/ch32v10x_misc.o
 .debug_loc     0x00000000000007e7      0x761 ./Peripheral/src/ch32v10x_rcc.o
 .debug_loc     0x0000000000000f48      0x770 ./Peripheral/src/ch32v10x_usart.o
 .debug_loc     0x00000000000016b8      0x162 ./Debug/debug.o

.stab           0x0000000000000000       0x84
 .stab          0x0000000000000000       0x24 d:/newmounriver/mounriver/mounriver_studio/toolchain/risc-v embedded gcc/bin/../lib/gcc/riscv-none-embed/8.2.0/../../../../riscv-none-embed/lib/rv32imac/ilp32\libnosys.a(close.o)
 .stab          0x0000000000000024       0x18 d:/newmounriver/mounriver/mounriver_studio/toolchain/risc-v embedded gcc/bin/../lib/gcc/riscv-none-embed/8.2.0/../../../../riscv-none-embed/lib/rv32imac/ilp32\libnosys.a(fstat.o)
                                         0x24 (size before relaxing)
 .stab          0x000000000000003c       0x18 d:/newmounriver/mounriver/mounriver_studio/toolchain/risc-v embedded gcc/bin/../lib/gcc/riscv-none-embed/8.2.0/../../../../riscv-none-embed/lib/rv32imac/ilp32\libnosys.a(isatty.o)
                                         0x24 (size before relaxing)
 .stab          0x0000000000000054       0x18 d:/newmounriver/mounriver/mounriver_studio/toolchain/risc-v embedded gcc/bin/../lib/gcc/riscv-none-embed/8.2.0/../../../../riscv-none-embed/lib/rv32imac/ilp32\libnosys.a(lseek.o)
                                         0x24 (size before relaxing)
 .stab          0x000000000000006c       0x18 d:/newmounriver/mounriver/mounriver_studio/toolchain/risc-v embedded gcc/bin/../lib/gcc/riscv-none-embed/8.2.0/../../../../riscv-none-embed/lib/rv32imac/ilp32\libnosys.a(read.o)
                                         0x24 (size before relaxing)

.stabstr        0x0000000000000000      0x117
 .stabstr       0x0000000000000000      0x117 d:/newmounriver/mounriver/mounriver_studio/toolchain/risc-v embedded gcc/bin/../lib/gcc/riscv-none-embed/8.2.0/../../../../riscv-none-embed/lib/rv32imac/ilp32\libnosys.a(close.o)
